// Jest Snapshot v1, https://goo.gl/fbAQLP

exports[`first snapshot test renders the AddToCart component correctly 1`] = `ShallowWrapper {}`;
